#
# There is insufficient memory for the Java Runtime Environment to continue.
# Native memory allocation (mmap) failed to map 266338304 bytes for G1 virtual space
# Possible reasons:
#   The system is out of physical RAM or swap space
#   The process is running with CompressedOops enabled, and the Java Heap may be blocking the growth of the native heap
# Possible solutions:
#   Reduce memory load on the system
#   Increase physical memory or swap space
#   Check if swap backing store is full
#   Decrease Java heap size (-Xmx/-Xms)
#   Decrease number of Java threads
#   Decrease Java thread stack sizes (-Xss)
#   Set larger code cache with -XX:ReservedCodeCacheSize=
#   JVM is running with Zero Based Compressed Oops mode in which the Java heap is
#     placed in the first 32GB address space. The Java Heap base address is the
#     maximum limit for the native heap growth. Please use -XX:HeapBaseMinAddress
#     to set the Java Heap base and to place the Java Heap above 32GB virtual address.
# This output file may be truncated or incomplete.
#
#  Out of Memory Error (os_windows.cpp:3617), pid=23700, tid=24936
#
# JRE version:  (17.0.8+7) (build )
# Java VM: OpenJDK 64-Bit Server VM (17.0.8+7-LTS, mixed mode, sharing, tiered, compressed oops, compressed class ptrs, g1 gc, windows-amd64)
# No core dump will be written. Minidumps are not enabled by default on client versions of Windows
#

---------------  S U M M A R Y ------------

Command Line: C:\Users\Lenovo\.cache\firebase\emulators\pubsub-emulator-0.7.1\pubsub-emulator\bin\..\lib\cloud-pubsub-emulator-0.7.1.jar --host=127.0.0.1 --port=8085

Host: Intel(R) Core(TM) i7-10510U CPU @ 1.80GHz, 8 cores, 15G,  Windows 11 , 64 bit Build 22621 (10.0.22621.3085)
Time: Mon Feb 19 14:28:19 2024 SE Asia Standard Time elapsed time: 0.033875 seconds (0d 0h 0m 0s)

---------------  T H R E A D  ---------------

Current thread (0x0000021c972ebf40):  JavaThread "Unknown thread" [_thread_in_vm, id=24936, stack(0x000000c702100000,0x000000c702200000)]

Stack: [0x000000c702100000,0x000000c702200000]
Native frames: (J=compiled Java code, j=interpreted, Vv=VM code, C=native code)
V  [jvm.dll+0x67bf3a]
V  [jvm.dll+0x83a024]
V  [jvm.dll+0x83b7ce]
V  [jvm.dll+0x83be33]
V  [jvm.dll+0x24785f]
V  [jvm.dll+0x678cb9]
V  [jvm.dll+0x66d54a]
V  [jvm.dll+0x308feb]
V  [jvm.dll+0x310496]
V  [jvm.dll+0x36019e]
V  [jvm.dll+0x3603cf]
V  [jvm.dll+0x2dff38]
V  [jvm.dll+0x2e0ea4]
V  [jvm.dll+0x80bca1]
V  [jvm.dll+0x36df61]
V  [jvm.dll+0x7eafac]
V  [jvm.dll+0x3f0c8f]
V  [jvm.dll+0x3f28a1]
C  [jli.dll+0x528f]
C  [ucrtbase.dll+0x29363]
C  [KERNEL32.DLL+0x1257d]
C  [ntdll.dll+0x5aa58]


---------------  P R O C E S S  ---------------

Threads class SMR info:
_java_thread_list=0x00007ffb99b13058, length=0, elements={
}

Java Threads: ( => current thread )

Other Threads:
  0x0000021c97359370 GCTaskThread "GC Thread#0" [stack: 0x000000c702200000,0x000000c702300000] [id=23656]
  0x0000021c9736aee0 ConcurrentGCThread "G1 Main Marker" [stack: 0x000000c702300000,0x000000c702400000] [id=19356]
  0x0000021c9736c090 ConcurrentGCThread "G1 Conc#0" [stack: 0x000000c702400000,0x000000c702500000] [id=3328]

[error occurred during error reporting (printing all threads), id 0xc0000005, EXCEPTION_ACCESS_VIOLATION (0xc0000005) at pc=0x00007ffb992d0927]

VM state: not at safepoint (not fully initialized)

VM Mutex/Monitor currently owned by a thread:  ([mutex/lock_event])
[0x0000021c972e7d70] Heap_lock - owner thread: 0x0000021c972ebf40

Heap address: 0x0000000703e00000, size: 4034 MB, Compressed Oops mode: Zero based, Oop shift amount: 3

CDS archive(s) mapped at: [0x0000000000000000-0x0000000000000000-0x0000000000000000), size 0, SharedBaseAddress: 0x0000000800000000, ArchiveRelocationMode: 1.
Narrow klass base: 0x0000000000000000, Narrow klass shift: 0, Narrow klass range: 0x0

GC Precious Log:
<Empty>

Heap:
 garbage-first heap   total 0K, used 0K [0x0000000703e00000, 0x0000000800000000)
  region size 2048K, 0 young (0K), 0 survivors (0K)

[error occurred during error reporting (printing heap information), id 0xc0000005, EXCEPTION_ACCESS_VIOLATION (0xc0000005) at pc=0x00007ffb996b5fc9]

GC Heap History (0 events):
No events

Dll operation events (1 events):
Event: 0.023 Loaded shared library C:\Program Files\Microsoft\jdk-17.0.8.7-hotspot\bin\java.dll

Deoptimization events (0 events):
No events

Classes unloaded (0 events):
No events

Classes redefined (0 events):
No events

Internal exceptions (0 events):
No events

VM Operations (0 events):
No events

Events (0 events):
No events


Dynamic libraries:
0x00007ff6b0ba0000 - 0x00007ff6b0bae000 	C:\Program Files\Microsoft\jdk-17.0.8.7-hotspot\bin\java.exe
0x00007ffbb7cb0000 - 0x00007ffbb7ec7000 	C:\WINDOWS\SYSTEM32\ntdll.dll
0x00007ffbb7490000 - 0x00007ffbb7554000 	C:\WINDOWS\System32\KERNEL32.DLL
0x00007ffbb5440000 - 0x00007ffbb57e6000 	C:\WINDOWS\System32\KERNELBASE.dll
0x00007ffbb1080000 - 0x00007ffbb1117000 	C:\WINDOWS\SYSTEM32\apphelp.dll
0x00007ffbb5180000 - 0x00007ffbb5291000 	C:\WINDOWS\System32\ucrtbase.dll
0x00007ffbad8a0000 - 0x00007ffbad8b7000 	C:\Program Files\Microsoft\jdk-17.0.8.7-hotspot\bin\jli.dll
0x00007ffba55a0000 - 0x00007ffba55bb000 	C:\Program Files\Microsoft\jdk-17.0.8.7-hotspot\bin\VCRUNTIME140.dll
0x00007ffbb6100000 - 0x00007ffbb62ae000 	C:\WINDOWS\System32\USER32.dll
0x00007ffbb52a0000 - 0x00007ffbb52c6000 	C:\WINDOWS\System32\win32u.dll
0x00007ffba4a80000 - 0x00007ffba4d13000 	C:\WINDOWS\WinSxS\amd64_microsoft.windows.common-controls_6595b64144ccf1df_6.0.22621.2506_none_270c5ae97388e100\COMCTL32.dll
0x00007ffbb7560000 - 0x00007ffbb7589000 	C:\WINDOWS\System32\GDI32.dll
0x00007ffbb4ff0000 - 0x00007ffbb5108000 	C:\WINDOWS\System32\gdi32full.dll
0x00007ffbb6660000 - 0x00007ffbb6707000 	C:\WINDOWS\System32\msvcrt.dll
0x00007ffbb57f0000 - 0x00007ffbb588a000 	C:\WINDOWS\System32\msvcp_win.dll
0x00007ffbb6f70000 - 0x00007ffbb6fa1000 	C:\WINDOWS\System32\IMM32.DLL
0x00007ffbaacd0000 - 0x00007ffbaacdc000 	C:\Program Files\Microsoft\jdk-17.0.8.7-hotspot\bin\vcruntime140_1.dll
0x00007ffb9b4f0000 - 0x00007ffb9b57d000 	C:\Program Files\Microsoft\jdk-17.0.8.7-hotspot\bin\msvcp140.dll
0x00007ffb98fe0000 - 0x00007ffb99c45000 	C:\Program Files\Microsoft\jdk-17.0.8.7-hotspot\bin\server\jvm.dll
0x00007ffbb63e0000 - 0x00007ffbb6493000 	C:\WINDOWS\System32\ADVAPI32.dll
0x00007ffbb6330000 - 0x00007ffbb63d8000 	C:\WINDOWS\System32\sechost.dll
0x00007ffbb59d0000 - 0x00007ffbb59f8000 	C:\WINDOWS\System32\bcrypt.dll
0x00007ffbb7230000 - 0x00007ffbb7347000 	C:\WINDOWS\System32\RPCRT4.dll
0x00007ffbb4ec0000 - 0x00007ffbb4f0d000 	C:\WINDOWS\SYSTEM32\POWRPROF.dll
0x00007ffb9cc60000 - 0x00007ffb9cc69000 	C:\WINDOWS\SYSTEM32\WSOCK32.dll
0x00007ffbb7590000 - 0x00007ffbb7601000 	C:\WINDOWS\System32\WS2_32.dll
0x00007ffbadcf0000 - 0x00007ffbadd24000 	C:\WINDOWS\SYSTEM32\WINMM.dll
0x00007ffbaf2a0000 - 0x00007ffbaf2aa000 	C:\WINDOWS\SYSTEM32\VERSION.dll
0x00007ffbb4ea0000 - 0x00007ffbb4eb3000 	C:\WINDOWS\SYSTEM32\UMPDC.dll
0x00007ffbb3ff0000 - 0x00007ffbb4008000 	C:\WINDOWS\SYSTEM32\kernel.appcore.dll
0x00007ffbaac40000 - 0x00007ffbaac4a000 	C:\Program Files\Microsoft\jdk-17.0.8.7-hotspot\bin\jimage.dll
0x00007ffbb2600000 - 0x00007ffbb2833000 	C:\WINDOWS\SYSTEM32\DBGHELP.DLL
0x00007ffbb7710000 - 0x00007ffbb7a99000 	C:\WINDOWS\System32\combase.dll
0x00007ffbb73b0000 - 0x00007ffbb7487000 	C:\WINDOWS\System32\OLEAUT32.dll
0x00007ffba62a0000 - 0x00007ffba62d2000 	C:\WINDOWS\SYSTEM32\dbgcore.DLL
0x00007ffbb5890000 - 0x00007ffbb590a000 	C:\WINDOWS\System32\bcryptPrimitives.dll
0x00007ffb9d740000 - 0x00007ffb9d765000 	C:\Program Files\Microsoft\jdk-17.0.8.7-hotspot\bin\java.dll

dbghelp: loaded successfully - version: 4.0.5 - missing functions: none
symbol engine: initialized successfully - sym options: 0x614 - pdb path: .;C:\Program Files\Microsoft\jdk-17.0.8.7-hotspot\bin;C:\WINDOWS\SYSTEM32;C:\WINDOWS\WinSxS\amd64_microsoft.windows.common-controls_6595b64144ccf1df_6.0.22621.2506_none_270c5ae97388e100;C:\Program Files\Microsoft\jdk-17.0.8.7-hotspot\bin\server

VM Arguments:
java_command: C:\Users\Lenovo\.cache\firebase\emulators\pubsub-emulator-0.7.1\pubsub-emulator\bin\..\lib\cloud-pubsub-emulator-0.7.1.jar --host=127.0.0.1 --port=8085
java_class_path (initial): C:\Users\Lenovo\.cache\firebase\emulators\pubsub-emulator-0.7.1\pubsub-emulator\bin\..\lib\cloud-pubsub-emulator-0.7.1.jar
Launcher Type: SUN_STANDARD

[Global flags]
     intx CICompilerCount                          = 4                                         {product} {ergonomic}
     uint ConcGCThreads                            = 2                                         {product} {ergonomic}
     uint G1ConcRefinementThreads                  = 8                                         {product} {ergonomic}
   size_t G1HeapRegionSize                         = 2097152                                   {product} {ergonomic}
    uintx GCDrainStackTargetSize                   = 64                                        {product} {ergonomic}
   size_t InitialHeapSize                          = 266338304                                 {product} {ergonomic}
   size_t MarkStackSize                            = 4194304                                   {product} {ergonomic}
   size_t MaxHeapSize                              = 4229955584                                {product} {ergonomic}
   size_t MinHeapDeltaBytes                        = 2097152                                   {product} {ergonomic}
   size_t MinHeapSize                              = 8388608                                   {product} {ergonomic}
    uintx NonNMethodCodeHeapSize                   = 5839372                                {pd product} {ergonomic}
    uintx NonProfiledCodeHeapSize                  = 122909434                              {pd product} {ergonomic}
    uintx ProfiledCodeHeapSize                     = 122909434                              {pd product} {ergonomic}
    uintx ReservedCodeCacheSize                    = 251658240                              {pd product} {ergonomic}
     bool SegmentedCodeCache                       = true                                      {product} {ergonomic}
   size_t SoftMaxHeapSize                          = 4229955584                             {manageable} {ergonomic}
     bool UseCompressedClassPointers               = true                           {product lp64_product} {ergonomic}
     bool UseCompressedOops                        = true                           {product lp64_product} {ergonomic}
     bool UseG1GC                                  = true                                      {product} {ergonomic}
     bool UseLargePagesIndividualAllocation        = false                                  {pd product} {ergonomic}

Logging:
Log output configuration:
 #0: stdout all=warning uptime,level,tags
 #1: stderr all=off uptime,level,tags

Environment Variables:
JAVA_HOME=C:\Program Files\Microsoft\jdk-17.0.8.7-hotspot\
CLASSPATH=C:\Users\Lenovo\.cache\firebase\emulators\pubsub-emulator-0.7.1\pubsub-emulator\bin\..\lib\cloud-pubsub-emulator-0.7.1.jar
PATH=C:\Users\Lenovo\AppData\Roaming\npm;C:\Program Files\Microsoft\jdk-17.0.8.7-hotspot\bin;C:\Program Files\R\R-4.2.1\bin\x64\Rscript.exe;C:\Program Files\Common Files\Oracle\Java\javapath;C:\MinGW\bin;"C:\Program Files;C:\Winnt;C:\Winnt\System32";C:\Users\Lenovo\AppData\Local\Programs\Python\Python39;C:\Users\Lenovo\AppData\Local\Programs\Python\Python39\Scripts;C:\Program Files (x86)\Common Files\Intel\Shared Libraries\redist\intel64\compiler;C:\Program Files\Python38\Scripts\;C:\Program Files\Python38\;C:\Program Files (x86)\Common Files\Oracle\Java\javapath;C:\ProgramData\Oracle\Java\javapath;C:\WINDOWS\system32;C:\WINDOWS;C:\WINDOWS\System32\Wbem;C:\WINDOWS\System32\WindowsPowerShell\v1.0\;C:\WINDOWS\System32\OpenSSH\;C:\Program Files (x86)\Windows Live\Shared;C:\Program Files\Git\cmd;C:\Program Files\dotnet\;C:\ProgramData\chocolatey\bin;C:\Program Files\PuTTY\;C:\Program Files\nodejs\;C:\Program Files\TortoiseGit\bin;C:\Program Files\Docker\Docker\resources\bin;C:\Program Files\R\R-4.2.1\bin\x64\Rscript.exe;C:\Users\Lenovo\miniconda3;C:\Users\Lenovo\miniconda3\Library\mingw-w64\bin;C:\Users\Lenovo\miniconda3\Library\usr\bin;C:\Users\Lenovo\miniconda3\Library\bin;C:\Users\Lenovo\miniconda3\Scripts;D:\flutter;C:\MinGW\bin;C:\Program Files\Java\jdk-17.0.4\bin\;C:\Users\Lenovo\AppData\Local\Microsoft\WindowsApps;C:\Users\Lenovo\AppData\Local\Programs\Python\Python39\Scripts\;C:\Users\Lenovo\AppData\Local\Programs\Python\Python39\;C:\Users\Lenovo\AppData\Local\Microsoft\WindowsApps;D:\Inkscape\bin;C:\Users\Lenovo\AppData\Local\Programs\Microsoft VS Code\bin;C:\tools\dart-sdk\bin;C:\Users\Lenovo\AppData\Roaming\Pub\Cache\bin;C:\Users\Lenovo\AppData\Local\GitHubDesktop\bin;C:\Users\Lenovo\AppData\Roaming\npm;
USERNAME=Lenovo
LANG=en_US.UTF-8
OS=Windows_NT
PROCESSOR_IDENTIFIER=Intel64 Family 6 Model 142 Stepping 12, GenuineIntel
TMP=D:\TEMP
TEMP=D:\TEMP



---------------  S Y S T E M  ---------------

OS:
 Windows 11 , 64 bit Build 22621 (10.0.22621.3085)
OS uptime: 0 days 6:08 hours
Hyper-V role detected

CPU: total 8 (initial active 8) (4 cores per cpu, 2 threads per core) family 6 model 142 stepping 12 microcode 0xf8, cx8, cmov, fxsr, ht, mmx, 3dnowpref, sse, sse2, sse3, ssse3, sse4.1, sse4.2, popcnt, lzcnt, tsc, tscinvbit, avx, avx2, aes, erms, clmul, bmi1, bmi2, adx, fma, vzeroupper, clflush, clflushopt, hv
Processor Information for all 8 processors :
  Max Mhz: 2304, Current Mhz: 1803, Mhz Limit: 1797

Memory: 4k page, system-wide physical 16135M (2414M free)
TotalPageFile size 19047M (AvailPageFile size 248M)
current process WorkingSet (physical memory assigned to process): 12M, peak: 12M
current process commit charge ("private bytes"): 60M, peak: 314M

vm_info: OpenJDK 64-Bit Server VM (17.0.8+7-LTS) for windows-amd64 JRE (17.0.8+7-LTS), built on Jul  7 2023 17:21:55 by "MicrosoftCorporation" with MS VC++ 16.10 / 16.11 (VS2019)

END.
